; ModuleID = 'Pyni'
source_filename = "Pyni"

@fmt = private unnamed_addr constant [4 x i8] c"%d\0A\00", align 1
@fmt.1 = private unnamed_addr constant [4 x i8] c"%d\0A\00", align 1
@fmt.2 = private unnamed_addr constant [4 x i8] c"%d\0A\00", align 1
@fmt.3 = private unnamed_addr constant [4 x i8] c"%d\0A\00", align 1
@fmt.4 = private unnamed_addr constant [4 x i8] c"%d\0A\00", align 1
@fmt.5 = private unnamed_addr constant [4 x i8] c"%d\0A\00", align 1
@fmt.6 = private unnamed_addr constant [4 x i8] c"%d\0A\00", align 1
@fmt.7 = private unnamed_addr constant [4 x i8] c"%d\0A\00", align 1
@fmt.8 = private unnamed_addr constant [4 x i8] c"%d\0A\00", align 1
@fmt.9 = private unnamed_addr constant [4 x i8] c"%d\0A\00", align 1
@fmt.10 = private unnamed_addr constant [4 x i8] c"%d\0A\00", align 1
@fmt.11 = private unnamed_addr constant [4 x i8] c"%d\0A\00", align 1
@fmt.12 = private unnamed_addr constant [4 x i8] c"%d\0A\00", align 1
@fmt.13 = private unnamed_addr constant [4 x i8] c"%d\0A\00", align 1
@fmt.14 = private unnamed_addr constant [4 x i8] c"%d\0A\00", align 1
@fmt.15 = private unnamed_addr constant [4 x i8] c"%d\0A\00", align 1
@fmt.16 = private unnamed_addr constant [4 x i8] c"%d\0A\00", align 1
@fmt.17 = private unnamed_addr constant [4 x i8] c"%d\0A\00", align 1
@fmt.18 = private unnamed_addr constant [4 x i8] c"%d\0A\00", align 1
@fmt.19 = private unnamed_addr constant [4 x i8] c"%d\0A\00", align 1
@fmt.20 = private unnamed_addr constant [4 x i8] c"%d\0A\00", align 1
@fmt.21 = private unnamed_addr constant [4 x i8] c"%d\0A\00", align 1
@fmt.22 = private unnamed_addr constant [4 x i8] c"%d\0A\00", align 1

declare i32 @printf(i8*, ...)

define i1 @list_getbool({ i32*, i1* }* %0, i32 %1) {
entry:
  %list_ptr_alloc = alloca { i32*, i1* }*
  store { i32*, i1* }* %0, { i32*, i1* }** %list_ptr_alloc
  %idx_alloc = alloca i32
  store i32 %1, i32* %idx_alloc
  %list_load = load { i32*, i1* }*, { i32*, i1* }** %list_ptr_alloc
  %list_array_ptr = getelementptr inbounds { i32*, i1* }, { i32*, i1* }* %list_load, i32 0, i32 1
  %array_load = load i1*, i1** %list_array_ptr
  %idx_load = load i32, i32* %idx_alloc
  %list_arry_element_ptr = getelementptr i1, i1* %array_load, i32 %idx_load
  %list_array_element_ptr = load i1, i1* %list_arry_element_ptr
  ret i1 %list_array_element_ptr
}

define i32 @list_getint({ i32*, i32* }* %0, i32 %1) {
entry:
  %list_ptr_alloc = alloca { i32*, i32* }*
  store { i32*, i32* }* %0, { i32*, i32* }** %list_ptr_alloc
  %idx_alloc = alloca i32
  store i32 %1, i32* %idx_alloc
  %list_load = load { i32*, i32* }*, { i32*, i32* }** %list_ptr_alloc
  %list_array_ptr = getelementptr inbounds { i32*, i32* }, { i32*, i32* }* %list_load, i32 0, i32 1
  %array_load = load i32*, i32** %list_array_ptr
  %idx_load = load i32, i32* %idx_alloc
  %list_arry_element_ptr = getelementptr i32, i32* %array_load, i32 %idx_load
  %list_array_element_ptr = load i32, i32* %list_arry_element_ptr
  ret i32 %list_array_element_ptr
}

define double @list_getfloat({ i32*, double* }* %0, i32 %1) {
entry:
  %list_ptr_alloc = alloca { i32*, double* }*
  store { i32*, double* }* %0, { i32*, double* }** %list_ptr_alloc
  %idx_alloc = alloca i32
  store i32 %1, i32* %idx_alloc
  %list_load = load { i32*, double* }*, { i32*, double* }** %list_ptr_alloc
  %list_array_ptr = getelementptr inbounds { i32*, double* }, { i32*, double* }* %list_load, i32 0, i32 1
  %array_load = load double*, double** %list_array_ptr
  %idx_load = load i32, i32* %idx_alloc
  %list_arry_element_ptr = getelementptr double, double* %array_load, i32 %idx_load
  %list_array_element_ptr = load double, double* %list_arry_element_ptr
  ret double %list_array_element_ptr
}

define i8* @list_getstr({ i32*, i8** }* %0, i32 %1) {
entry:
  %list_ptr_alloc = alloca { i32*, i8** }*
  store { i32*, i8** }* %0, { i32*, i8** }** %list_ptr_alloc
  %idx_alloc = alloca i32
  store i32 %1, i32* %idx_alloc
  %list_load = load { i32*, i8** }*, { i32*, i8** }** %list_ptr_alloc
  %list_array_ptr = getelementptr inbounds { i32*, i8** }, { i32*, i8** }* %list_load, i32 0, i32 1
  %array_load = load i8**, i8*** %list_array_ptr
  %idx_load = load i32, i32* %idx_alloc
  %list_arry_element_ptr = getelementptr i8*, i8** %array_load, i32 %idx_load
  %list_array_element_ptr = load i8*, i8** %list_arry_element_ptr
  ret i8* %list_array_element_ptr
}

define i32 @list_sizebool({ i32*, i1* }* %0) {
entry:
  %list_ptr_alloc = alloca { i32*, i1* }*
  store { i32*, i1* }* %0, { i32*, i1* }** %list_ptr_alloc
  %list_load = load { i32*, i1* }*, { i32*, i1* }** %list_ptr_alloc
  %list_size_ptr_ptr = getelementptr inbounds { i32*, i1* }, { i32*, i1* }* %list_load, i32 0, i32 0
  %list_size_ptr = load i32*, i32** %list_size_ptr_ptr
  %list_size = load i32, i32* %list_size_ptr
  ret i32 %list_size
}

define i32 @list_sizeint({ i32*, i32* }* %0) {
entry:
  %list_ptr_alloc = alloca { i32*, i32* }*
  store { i32*, i32* }* %0, { i32*, i32* }** %list_ptr_alloc
  %list_load = load { i32*, i32* }*, { i32*, i32* }** %list_ptr_alloc
  %list_size_ptr_ptr = getelementptr inbounds { i32*, i32* }, { i32*, i32* }* %list_load, i32 0, i32 0
  %list_size_ptr = load i32*, i32** %list_size_ptr_ptr
  %list_size = load i32, i32* %list_size_ptr
  ret i32 %list_size
}

define i32 @list_sizefloat({ i32*, double* }* %0) {
entry:
  %list_ptr_alloc = alloca { i32*, double* }*
  store { i32*, double* }* %0, { i32*, double* }** %list_ptr_alloc
  %list_load = load { i32*, double* }*, { i32*, double* }** %list_ptr_alloc
  %list_size_ptr_ptr = getelementptr inbounds { i32*, double* }, { i32*, double* }* %list_load, i32 0, i32 0
  %list_size_ptr = load i32*, i32** %list_size_ptr_ptr
  %list_size = load i32, i32* %list_size_ptr
  ret i32 %list_size
}

define i32 @list_sizestr({ i32*, i8** }* %0) {
entry:
  %list_ptr_alloc = alloca { i32*, i8** }*
  store { i32*, i8** }* %0, { i32*, i8** }** %list_ptr_alloc
  %list_load = load { i32*, i8** }*, { i32*, i8** }** %list_ptr_alloc
  %list_size_ptr_ptr = getelementptr inbounds { i32*, i8** }, { i32*, i8** }* %list_load, i32 0, i32 0
  %list_size_ptr = load i32*, i32** %list_size_ptr_ptr
  %list_size = load i32, i32* %list_size_ptr
  ret i32 %list_size
}

define void @list_pushbool({ i32*, i1* }* %0, i1 %1) {
entry:
  %list_ptr_alloc = alloca { i32*, i1* }*
  store { i32*, i1* }* %0, { i32*, i1* }** %list_ptr_alloc
  %val_alloc = alloca i1
  store i1 %1, i1* %val_alloc
  %list_load = load { i32*, i1* }*, { i32*, i1* }** %list_ptr_alloc
  %list_array_ptr = getelementptr inbounds { i32*, i1* }, { i32*, i1* }* %list_load, i32 0, i32 1
  %list_array_load = load i1*, i1** %list_array_ptr
  %list_size_ptr_ptr = getelementptr inbounds { i32*, i1* }, { i32*, i1* }* %list_load, i32 0, i32 0
  %list_size_ptr = load i32*, i32** %list_size_ptr_ptr
  %list_size = load i32, i32* %list_size_ptr
  %list_arry_next_element_ptr = getelementptr i1, i1* %list_array_load, i32 %list_size
  %inc_size = add i32 %list_size, 1
  store i32 %inc_size, i32* %list_size_ptr
  %val = load i1, i1* %val_alloc
  store i1 %val, i1* %list_arry_next_element_ptr
  ret void
}

define void @list_pushint({ i32*, i32* }* %0, i32 %1) {
entry:
  %list_ptr_alloc = alloca { i32*, i32* }*
  store { i32*, i32* }* %0, { i32*, i32* }** %list_ptr_alloc
  %val_alloc = alloca i32
  store i32 %1, i32* %val_alloc
  %list_load = load { i32*, i32* }*, { i32*, i32* }** %list_ptr_alloc
  %list_array_ptr = getelementptr inbounds { i32*, i32* }, { i32*, i32* }* %list_load, i32 0, i32 1
  %list_array_load = load i32*, i32** %list_array_ptr
  %list_size_ptr_ptr = getelementptr inbounds { i32*, i32* }, { i32*, i32* }* %list_load, i32 0, i32 0
  %list_size_ptr = load i32*, i32** %list_size_ptr_ptr
  %list_size = load i32, i32* %list_size_ptr
  %list_arry_next_element_ptr = getelementptr i32, i32* %list_array_load, i32 %list_size
  %inc_size = add i32 %list_size, 1
  store i32 %inc_size, i32* %list_size_ptr
  %val = load i32, i32* %val_alloc
  store i32 %val, i32* %list_arry_next_element_ptr
  ret void
}

define void @list_pushfloat({ i32*, double* }* %0, double %1) {
entry:
  %list_ptr_alloc = alloca { i32*, double* }*
  store { i32*, double* }* %0, { i32*, double* }** %list_ptr_alloc
  %val_alloc = alloca double
  store double %1, double* %val_alloc
  %list_load = load { i32*, double* }*, { i32*, double* }** %list_ptr_alloc
  %list_array_ptr = getelementptr inbounds { i32*, double* }, { i32*, double* }* %list_load, i32 0, i32 1
  %list_array_load = load double*, double** %list_array_ptr
  %list_size_ptr_ptr = getelementptr inbounds { i32*, double* }, { i32*, double* }* %list_load, i32 0, i32 0
  %list_size_ptr = load i32*, i32** %list_size_ptr_ptr
  %list_size = load i32, i32* %list_size_ptr
  %list_arry_next_element_ptr = getelementptr double, double* %list_array_load, i32 %list_size
  %inc_size = add i32 %list_size, 1
  store i32 %inc_size, i32* %list_size_ptr
  %val = load double, double* %val_alloc
  store double %val, double* %list_arry_next_element_ptr
  ret void
}

define void @list_pushstr({ i32*, i8** }* %0, i8* %1) {
entry:
  %list_ptr_alloc = alloca { i32*, i8** }*
  store { i32*, i8** }* %0, { i32*, i8** }** %list_ptr_alloc
  %val_alloc = alloca i8*
  store i8* %1, i8** %val_alloc
  %list_load = load { i32*, i8** }*, { i32*, i8** }** %list_ptr_alloc
  %list_array_ptr = getelementptr inbounds { i32*, i8** }, { i32*, i8** }* %list_load, i32 0, i32 1
  %list_array_load = load i8**, i8*** %list_array_ptr
  %list_size_ptr_ptr = getelementptr inbounds { i32*, i8** }, { i32*, i8** }* %list_load, i32 0, i32 0
  %list_size_ptr = load i32*, i32** %list_size_ptr_ptr
  %list_size = load i32, i32* %list_size_ptr
  %list_arry_next_element_ptr = getelementptr i8*, i8** %list_array_load, i32 %list_size
  %inc_size = add i32 %list_size, 1
  store i32 %inc_size, i32* %list_size_ptr
  %val = load i8*, i8** %val_alloc
  store i8* %val, i8** %list_arry_next_element_ptr
  ret void
}

define i1 @list_popbool({ i32*, i1* }* %0) {
entry:
  %list_ptr_alloc = alloca { i32*, i1* }*
  store { i32*, i1* }* %0, { i32*, i1* }** %list_ptr_alloc
  %list_load = load { i32*, i1* }*, { i32*, i1* }** %list_ptr_alloc
  %list_array_ptr = getelementptr inbounds { i32*, i1* }, { i32*, i1* }* %list_load, i32 0, i32 1
  %list_array_load = load i1*, i1** %list_array_ptr
  %list_size_ptr_ptr = getelementptr inbounds { i32*, i1* }, { i32*, i1* }* %list_load, i32 0, i32 0
  %list_size_ptr = load i32*, i32** %list_size_ptr_ptr
  %list_size = load i32, i32* %list_size_ptr
  %dec_size = sub i32 %list_size, 1
  %list_arry_next_element_ptr = getelementptr i1, i1* %list_array_load, i32 %dec_size
  %list_arry_next_element = load i1, i1* %list_arry_next_element_ptr
  store i32 %dec_size, i32* %list_size_ptr
  ret i1 %list_arry_next_element
}

define i32 @list_popint({ i32*, i32* }* %0) {
entry:
  %list_ptr_alloc = alloca { i32*, i32* }*
  store { i32*, i32* }* %0, { i32*, i32* }** %list_ptr_alloc
  %list_load = load { i32*, i32* }*, { i32*, i32* }** %list_ptr_alloc
  %list_array_ptr = getelementptr inbounds { i32*, i32* }, { i32*, i32* }* %list_load, i32 0, i32 1
  %list_array_load = load i32*, i32** %list_array_ptr
  %list_size_ptr_ptr = getelementptr inbounds { i32*, i32* }, { i32*, i32* }* %list_load, i32 0, i32 0
  %list_size_ptr = load i32*, i32** %list_size_ptr_ptr
  %list_size = load i32, i32* %list_size_ptr
  %dec_size = sub i32 %list_size, 1
  %list_arry_next_element_ptr = getelementptr i32, i32* %list_array_load, i32 %dec_size
  %list_arry_next_element = load i32, i32* %list_arry_next_element_ptr
  store i32 %dec_size, i32* %list_size_ptr
  ret i32 %list_arry_next_element
}

define double @list_popfloat({ i32*, double* }* %0) {
entry:
  %list_ptr_alloc = alloca { i32*, double* }*
  store { i32*, double* }* %0, { i32*, double* }** %list_ptr_alloc
  %list_load = load { i32*, double* }*, { i32*, double* }** %list_ptr_alloc
  %list_array_ptr = getelementptr inbounds { i32*, double* }, { i32*, double* }* %list_load, i32 0, i32 1
  %list_array_load = load double*, double** %list_array_ptr
  %list_size_ptr_ptr = getelementptr inbounds { i32*, double* }, { i32*, double* }* %list_load, i32 0, i32 0
  %list_size_ptr = load i32*, i32** %list_size_ptr_ptr
  %list_size = load i32, i32* %list_size_ptr
  %dec_size = sub i32 %list_size, 1
  %list_arry_next_element_ptr = getelementptr double, double* %list_array_load, i32 %dec_size
  %list_arry_next_element = load double, double* %list_arry_next_element_ptr
  store i32 %dec_size, i32* %list_size_ptr
  ret double %list_arry_next_element
}

define i8* @list_popstr({ i32*, i8** }* %0) {
entry:
  %list_ptr_alloc = alloca { i32*, i8** }*
  store { i32*, i8** }* %0, { i32*, i8** }** %list_ptr_alloc
  %list_load = load { i32*, i8** }*, { i32*, i8** }** %list_ptr_alloc
  %list_array_ptr = getelementptr inbounds { i32*, i8** }, { i32*, i8** }* %list_load, i32 0, i32 1
  %list_array_load = load i8**, i8*** %list_array_ptr
  %list_size_ptr_ptr = getelementptr inbounds { i32*, i8** }, { i32*, i8** }* %list_load, i32 0, i32 0
  %list_size_ptr = load i32*, i32** %list_size_ptr_ptr
  %list_size = load i32, i32* %list_size_ptr
  %dec_size = sub i32 %list_size, 1
  %list_arry_next_element_ptr = getelementptr i8*, i8** %list_array_load, i32 %dec_size
  %list_arry_next_element = load i8*, i8** %list_arry_next_element_ptr
  store i32 %dec_size, i32* %list_size_ptr
  ret i8* %list_arry_next_element
}

define i32 @gcd(i32 %a, i32 %b) {
entry:
  %a1 = alloca i32
  store i32 %a, i32* %a1
  %b2 = alloca i32
  store i32 %b, i32* %b2
  br label %while

while:                                            ; preds = %end, %entry
  %a3 = load i32, i32* %a1
  %b4 = load i32, i32* %b2
  %normal_binop = icmp ne i32 %a3, %b4
  br i1 %normal_binop, label %while_body, label %while_end

while_body:                                       ; preds = %while
  %a5 = load i32, i32* %a1
  %b6 = load i32, i32* %b2
  %normal_binop7 = icmp sgt i32 %a5, %b6
  br i1 %normal_binop7, label %then, label %else

then:                                             ; preds = %while_body
  %a8 = load i32, i32* %a1
  %b9 = load i32, i32* %b2
  %normal_binop10 = sub i32 %a8, %b9
  store i32 %normal_binop10, i32* %a1
  br label %end

else:                                             ; preds = %while_body
  %b11 = load i32, i32* %b2
  %a12 = load i32, i32* %a1
  %normal_binop13 = sub i32 %b11, %a12
  store i32 %normal_binop13, i32* %b2
  br label %end

end:                                              ; preds = %else, %then
  br label %while

while_end:                                        ; preds = %while
  %a14 = load i32, i32* %a1
  ret i32 %a14
}

define i32 @main() {
entry:
  %gcd_result = call i32 @gcd(i32 2, i32 14)
  %printf = call i32 (i8*, ...) @printf(i8* getelementptr inbounds ([4 x i8], [4 x i8]* @fmt, i32 0, i32 0), i32 %gcd_result)
  %gcd_result1 = call i32 @gcd(i32 99, i32 121)
  %printf2 = call i32 (i8*, ...) @printf(i8* getelementptr inbounds ([4 x i8], [4 x i8]* @fmt.4, i32 0, i32 0), i32 %gcd_result1)
  ret i32 0
}
